convex/lib/auth.ts(1,39): error TS2307: Cannot find module './_generated/server' or its corresponding type declarations.
convex/lib/auth.ts(2,20): error TS2307: Cannot find module './_generated/dataModel' or its corresponding type declarations.
